Git is a version control system.
Git is free software.

Git is a distributed version control system.
Git is free software.

Git is a distributed version control system.
Git is free software distributed under the GPL.


21212321312312324324353245435
231rferrrrrrrrrrrrrrrrrrrrrrrrrrr

Git is a distributed version control system.
Git is free software distributed under the GPL.
Git has a mutable index called stage.

$ cat readme.txt
Git is a distributed version control system.
Git is free software distributed under the GPL.
Git has a mutable index called stage.
Git tracks changes

$ git add readme.txt
$ git status
# On branch master
# Changes to be committed:
#   (use "git reset HEAD <file>..." to unstage)
#
#       modified:   readme.txt
#

Git is free software distributed under the GPL.
Git has a mutable index called stage.
Git tracks changes of files.